
Memory Configuration

Name             Origin             Length             Attributes
FLASH            0x08000000         0x00010000         xr
SRAM             0x20000000         0x00002000         xrw
*default*        0x00000000         0xffffffff

Linker script and memory map


.text           0x08000000      0x328
 *(.isr_vector)
 .isr_vector    0x08000000      0x134 stm32_startup_f103x.o
                0x08000000                vectors
 *(.text)
 .text          0x08000134       0x34 main.o
                0x08000134                main
 .text          0x08000168       0x8c stm32_startup_f103x.o
                0x08000168                RTC_Alarm_IRQHandler
                0x08000168                EXTI2_IRQHandler
                0x08000168                TIM8_TRG_COM_IRQHandler
                0x08000168                TIM8_CC_IRQHandler
                0x08000168                DebugMon_Handler
                0x08000168                TIM1_CC_IRQHandler
                0x08000168                HardFault_Handler
                0x08000168                SysTick_Handler
                0x08000168                PVD_IRQHandler
                0x08000168                SDIO_IRQHandler
                0x08000168                PendSV_Handler
                0x08000168                NMI_Handler
                0x08000168                EXTI3_IRQHandler
                0x08000168                USB_HP_CAN_TX_IRQHandler
                0x08000168                EXTI0_IRQHandler
                0x08000168                I2C2_EV_IRQHandler
                0x08000168                UsageFault_Handler
                0x08000168                ADC1_2_IRQHandler
                0x08000168                SPI1_IRQHandler
                0x08000168                CAN_SCE_IRQHandler
                0x08000168                TAMPER_IRQHandler
                0x08000168                TIM6_DAC_IRQHandler
                0x08000168                DMA1_Channel0_IRQHandler
                0x08000168                TIM8_UP_IRQHandler
                0x08000168                DMA2_Channel2_IRQHandler
                0x08000168                DMA1_Channel4_IRQHandler
                0x08000168                Flash_IRQHandler
                0x08000168                USART3_IRQHandler
                0x08000168                RTC_IRQHandler
                0x08000168                DMA1_Channel7_IRQHandler
                0x08000168                USB_WKUP_IRQHandler
                0x08000168                UART5_IRQHandler
                0x08000168                ADC3_IRQHandler
                0x08000168                TIM4_IRQHandler
                0x08000168                CAN_RX1_IRQHandler
                0x08000168                DMA2_Channel1_IRQHandler
                0x08000168                I2C1_EV_IRQHandler
                0x08000168                DMA1_Channel6_IRQHandler
                0x08000168                UART4_IRQHandler
                0x08000168                TIM3_IRQHandler
                0x08000168                RCC_IRQHandler
                0x08000168                TIM1_TRG_COM_IRQHandler
                0x08000168                DMA1_Channel1_IRQHandler
                0x08000168                Default_Handler
                0x08000168                EXTI15_10_IRQHandler
                0x08000168                TIM7_IRQHandler
                0x08000168                TIM5_IRQHandler
                0x08000168                EXTI9_5_IRQHandler
                0x08000168                SPI2_IRQHandler
                0x08000168                USB_LP_CAN_RX0_IRQHandler
                0x08000168                MemManage_Handler
                0x08000168                SVC_Handler
                0x08000168                DMA1_Channel5_IRQHandler
                0x08000168                EXTI4_IRQHandler
                0x08000168                DMA1_Channel3_IRQHandler
                0x08000168                FSMC_IRQHandler
                0x08000168                TIM1_UP_IRQHandler
                0x08000168                WWDG_IRQHandler
                0x08000168                TIM2_IRQHandler
                0x08000168                TIM1_BRK_IRQHandler
                0x08000168                EXTI1_IRQHandler
                0x08000168                DMA2_Channel4_5_IRQHandler
                0x08000168                USART2_IRQHandler
                0x08000168                I2C2_ER_IRQHandler
                0x08000168                DMA1_Channel2_IRQHandler
                0x08000168                TIM8_BRK_IRQHandler
                0x08000168                BusFault_Handler
                0x08000168                USART1_IRQHandler
                0x08000168                SPI3_IRQHandler
                0x08000168                I2C1_ER_IRQHandler
                0x08000168                DMA2_Channel3_IRQHandler
                0x0800016e                Reset_Handler
 .text          0x080001f4      0x134 lib/led.o
                0x080001f4                init_led
                0x08000274                init_button
                0x080002ac                led_toggle
                0x080002ec                read_button
                0x08000304                nop_delay
 *(.rodata)
                0x08000328                . = ALIGN (0x4)
                0x08000328                _etext = .
                0x08000328                _la_data = LOADADDR (.data)

.glue_7         0x08000328        0x0
 .glue_7        0x08000328        0x0 linker stubs

.glue_7t        0x08000328        0x0
 .glue_7t       0x08000328        0x0 linker stubs

.vfp11_veneer   0x08000328        0x0
 .vfp11_veneer  0x08000328        0x0 linker stubs

.v4_bx          0x08000328        0x0
 .v4_bx         0x08000328        0x0 linker stubs

.iplt           0x08000328        0x0
 .iplt          0x08000328        0x0 main.o

.rel.dyn        0x08000328        0x0
 .rel.iplt      0x08000328        0x0 main.o

.data           0x20000000        0x0 load address 0x08000328
                0x20000000                _sdata = .
 *.(.data)
                0x20000000                . = ALIGN (0x4)
                0x20000000                _edata = .
 .data          0x20000000        0x0 main.o
 .data          0x20000000        0x0 stm32_startup_f103x.o
 .data          0x20000000        0x0 lib/led.o

.igot.plt       0x20000000        0x0 load address 0x08000328
 .igot.plt      0x20000000        0x0 main.o

.bss            0x20000000        0x0 load address 0x08000328
                0x20000000                _sbss = .
 *.(.bss)
                0x20000000                . = ALIGN (0x4)
                0x20000000                _ebss = .
 .bss           0x20000000        0x0 main.o
 .bss           0x20000000        0x0 stm32_startup_f103x.o
 .bss           0x20000000        0x0 lib/led.o
LOAD main.o
LOAD stm32_startup_f103x.o
LOAD lib/led.o
OUTPUT(main.elf elf32-littlearm)
LOAD linker stubs

.debug_info     0x00000000      0x26a
 .debug_info    0x00000000       0x43 main.o
 .debug_info    0x00000043      0x188 stm32_startup_f103x.o
 .debug_info    0x000001cb       0x9f lib/led.o

.debug_abbrev   0x00000000      0x1a3
 .debug_abbrev  0x00000000       0x3b main.o
 .debug_abbrev  0x0000003b       0xe6 stm32_startup_f103x.o
 .debug_abbrev  0x00000121       0x82 lib/led.o

.debug_aranges  0x00000000       0x60
 .debug_aranges
                0x00000000       0x20 main.o
 .debug_aranges
                0x00000020       0x20 stm32_startup_f103x.o
 .debug_aranges
                0x00000040       0x20 lib/led.o

.debug_line     0x00000000      0x262
 .debug_line    0x00000000       0x4e main.o
 .debug_line    0x0000004e      0x192 stm32_startup_f103x.o
 .debug_line    0x000001e0       0x82 lib/led.o

.debug_str      0x00000000      0x1c0
 .debug_str     0x00000000       0xa7 main.o
 .debug_str     0x000000a7       0xd3 stm32_startup_f103x.o
                                0x1b3 (size before relaxing)
 .debug_str     0x0000017a       0x46 lib/led.o
                                 0xee (size before relaxing)

.comment        0x00000000       0x49
 .comment       0x00000000       0x49 main.o
                                 0x4a (size before relaxing)
 .comment       0x00000049       0x4a stm32_startup_f103x.o
 .comment       0x00000049       0x4a lib/led.o

.ARM.attributes
                0x00000000       0x2e
 .ARM.attributes
                0x00000000       0x2e main.o
 .ARM.attributes
                0x0000002e       0x2e stm32_startup_f103x.o
 .ARM.attributes
                0x0000005c       0x2e lib/led.o

.debug_frame    0x00000000      0x130
 .debug_frame   0x00000000       0x2c main.o
 .debug_frame   0x0000002c       0x4c stm32_startup_f103x.o
 .debug_frame   0x00000078       0xb8 lib/led.o
